HaskellTokenType.module ('module')
WHITE_SPACE (' ')
HaskellTokenType.conidRegexp ('Instance00001')
WHITE_SPACE (' ')
HaskellTokenType.where ('where')
WHITE_SPACE ('\n')
WHITE_SPACE ('\n')
HaskellTokenType.Synthetic leftbrace ('')
HaskellTokenType.instance ('instance')
WHITE_SPACE (' ')
HaskellTokenType.{-# ('{-#')
WHITE_SPACE (' ')
HaskellTokenType.PRAGMA ('OVERLAPPABLE')
WHITE_SPACE (' ')
HaskellTokenType.#-} ('#-}')
WHITE_SPACE (' ')
HaskellTokenType.conidRegexp ('Foo')
WHITE_SPACE (' ')
HaskellTokenType.varidRegexp ('a')
WHITE_SPACE (' ')
HaskellTokenType.=> ('=>')
WHITE_SPACE (' ')
HaskellTokenType.conidRegexp ('Bar')
WHITE_SPACE (' ')
HaskellTokenType.varidRegexp ('a')
WHITE_SPACE (' ')
HaskellTokenType.where ('where')
WHITE_SPACE ('\n')
WHITE_SPACE (' ')
WHITE_SPACE (' ')
HaskellTokenType.Synthetic leftbrace ('')
HaskellTokenType.varidRegexp ('foo')
WHITE_SPACE (' ')
HaskellTokenType.= ('=')
WHITE_SPACE (' ')
HaskellTokenType.varidRegexp ('bar')
HaskellTokenType.Synthetic rightbrace ('')
HaskellTokenType.Synthetic rightbrace ('')